ASxxxx Linker V03.00 + NoICE + sdld,  page 1.
Hexadecimal  [32-Bits]

Area                                    Addr        Size        Decimal Bytes (Attributes)
--------------------------------        ----        ----        ------- ----- ------------
.  .ABS.                            00000000    00000000 =           0. bytes (ABS,CON)

      Value  Global                              Global Defined In Module
      -----  --------------------------------   ------------------------
     00000000  .__.ABS.                           
     00000000  l__BSEG                         
     00000000  l__BSS                          
     00000000  l__CABS                         
     00000000  l__DABS                         
     00000000  l__HEADER                       
     00000000  l__HEAP                         
     00000000  s__CABS                         
     00000000  s__CABS0                        
     00000000  s__CABS1                        
     00000000  s__CABS2                        
     00000000  s__CABS3                        
     00000000  s__CABS4                        
     00000000  s__DABS                         
     00000000  s__HEADER                       
     00000000  s__HEADER0                      
     00000000  s__HEADER1                      
     00000000  s__HEADER2                      
     00000000  s__HEADER3                      
     00000000  s__HEADER4                      
     00000000  s__HEADER5                      
     00000001  l__GSFINAL                      
     00000003  l__HEADER3                      
     00000003  l__HEADER4                      
     00000006  l__HEADER0                      
     00000009  l__HEADER1                      
     0000000A  l__HEADER2                      
     0000000B  l__CABS2                        
     0000000E  l__CABS1                        
     0000000F  l__GSINIT                       
     00000010  l__CABS0                        
     00000010  l__CABS4                        
     00000028  l__CABS3                        
     0000012A  l__HEADER5                      
     0000017C  l__HOME                         
     00000200  s__CODE                         
     0000025E  l__INITIALIZED                  
     0000025E  l__INITIALIZER                  
     00000267  l__DATA                         
     000038A5  l__BANK15                       
     00003C2B  l__BANK11                       
     00003F51  l__BANK12                       
     00003F7E  l__BANK9                        
     00003FA9  l__BANK8                        
     00003FB1  l__BANK6                        
     00003FB3  l__BANK14                       
     00003FB5  l__BANK2                        
     00003FBD  l__BANK4                        
     00003FD0  l__BANK7                        
     00003FDB  l__BANK5                        
ASxxxx Linker V03.00 + NoICE + sdld,  page 2.
Hexadecimal  [32-Bits]

Area                                    Addr        Size        Decimal Bytes (Attributes)
--------------------------------        ----        ----        ------- ----- ------------
.  .ABS.                            00000000    00000000 =           0. bytes (ABS,CON)

      Value  Global                              Global Defined In Module
      -----  --------------------------------   ------------------------
     00003FE2  l__BANK10                       
     00003FEA  l__BANK13                       
     00003FED  l__BANK3                        
     00004B7F  l__CODE                         
     00004D7F  s__HOME                         
     00004EFB  s__INITIALIZER                  
     00005159  s__GSINIT                       
     00005168  s__GSFINAL                      
     00008000  G$SMS_SRAM$0$0                     _sms_manager
     00008000  _SMS_SRAM                          SMSlib_PSGaiden
     00008000  s__BANK10                       
     00008000  s__BANK11                       
     00008000  s__BANK12                       
     00008000  s__BANK13                       
     00008000  s__BANK14                       
     00008000  s__BANK15                       
     00008000  s__BANK2                        
     00008000  s__BANK3                        
     00008000  s__BANK4                        
     00008000  s__BANK5                        
     00008000  s__BANK6                        
     00008000  s__BANK7                        
     00008000  s__BANK8                        
     00008000  s__BANK9                        
     0000C000  s__DATA                         
     0000C267  s__INITIALIZED                  
     0000C4C5  s__BSEG                         
     0000C4C5  s__BSS                          
     0000C4C5  s__HEAP                         
     0000FFFC  G$SRAM_bank_to_be_mapped_on_slot   _sms_manager
     0000FFFC  _SRAM_bank_to_be_mapped_on_slot2   SMSlib_PSGaiden
     0000FFFF  G$ROM_bank_to_be_mapped_on_slot2   _sms_manager
     0000FFFF  _ROM_bank_to_be_mapped_on_slot2    SMSlib_PSGaiden

ASxxxx Linker V03.00 + NoICE + sdld,  page 3.
Hexadecimal  [32-Bits]

Area                                    Addr        Size        Decimal Bytes (Attributes)
--------------------------------        ----        ----        ------- ----- ------------
_CODE                               00000200    00004B7F =       19327. bytes (REL,CON)

      Value  Global                              Global Defined In Module
      -----  --------------------------------   ------------------------
     00000200  __clock                            crt0
     00000204  _exit                              crt0
     0000020A  A$main$58                          main
     0000020A  C$main.c$3$0$0                     main
     0000020A  C$main.c$5$1$127                   main
     0000020A  G$main$0$0                         main
     0000020A  _main                              main
     0000020D  A$main$62                          main
     0000020D  C$main.c$7$1$127                   main
     00000210  A$main$63                          main
     00000212  A$main$67                          main
     00000212  C$main.c$8$1$127                   main
     00000215  A$main$68                          main
     00000217  A$main$76                          main
     00000217  C$main.c$10$1$127                  main
     00000217  C$main.c$24$2$128                  main
     0000021A  A$main$77                          main
     0000021B  A$main$78                          main
     0000021D  A$main$82                          main
     0000021D  C$main.c$26$3$129                  main
     00000220  A$main$87                          main
     00000220  C$main.c$30$2$128                  main
     00000223  A$main$88                          main
     00000225  A$main$92                          main
     00000225  C$main.c$31$2$128                  main
     00000228  A$main$93                          main
     0000022B  A$main$97                          main
     0000022B  C$main.c$37$2$128                  main
     0000022E  A$main$102                         main
     0000022E  C$main.c$40$2$128                  main
     00000232  A$main$103                         main
     00000235  A$main$104                         main
     00000237  A$main$105                         main
     00000239  A$main$109                         main
     00000239  C$main.c$42$3$130                  main
     0000023C  A$main$110                         main
     0000023D  A$main$111                         main
     0000023F  A$main$115                         main
     0000023F  C$main.c$46$3$130                  main
     00000242  A$main$116                         main
     00000244  A$main$117                         main
     00000246  A$main$121                         main
     00000246  C$main.c$53$4$133                  main
     00000249  A$main$126                         main
     00000249  C$main.c$57$1$127                  main
     00000249  XG$main$0$0                        main
     0000024B  _PSGStop                           PSGlib
     00000272  _PSGResume                         PSGlib
     000002BE  _PSGPlay                           PSGlib
     000002EB  _PSGCancelLoop                     PSGlib
ASxxxx Linker V03.00 + NoICE + sdld,  page 4.
Hexadecimal  [32-Bits]

Area                                    Addr        Size        Decimal Bytes (Attributes)
--------------------------------        ----        ----        ------- ----- ------------
_CODE                               00000200    00004B7F =       19327. bytes (REL,CON)

      Value  Global                              Global Defined In Module
      -----  --------------------------------   ------------------------
     000002F1  _PSGPlayNoRepeat                   PSGlib
     00000300  _PSGGetStatus                      PSGlib
     00000308  _PSGSilenceChannels                PSGlib
     00000319  _PSGRestoreVolumes                 PSGlib
     000003EA  _PSGSetMusicVolumeAttenuation      PSGlib
     000004AF  _PSGSFXStop                        PSGlib
     00000568  _PSGSFXPlay                        PSGlib
     000005B5  _PSGSFXCancelLoop                  PSGlib
     000005BB  _PSGSFXGetStatus                   PSGlib
     000005C3  _PSGSFXPlayLoop                    PSGlib
     000005DD  _PSGFrame                          PSGlib
     000006F6  _PSGSFXFrame                       PSGlib
     0000077C  A$_sms_manager$161                 _sms_manager
     0000077C  C$_sms_manager.c$11$0$0            _sms_manager
     0000077C  C$_sms_manager.c$13$1$83           _sms_manager
     0000077C  C$_sms_manager.c$14$1$83           _sms_manager
     0000077C  G$devkit_SMS_init$0$0              _sms_manager
     0000077C  XG$devkit_SMS_init$0$0             _sms_manager
     0000077C  _devkit_SMS_init                   _sms_manager
     0000077F  A$_sms_manager$174                 _sms_manager
     0000077F  C$_sms_manager.c$15$1$83           _sms_manager
     0000077F  C$_sms_manager.c$17$1$84           _sms_manager
     0000077F  G$devkit_SMS_displayOn$0$0         _sms_manager
     0000077F  _devkit_SMS_displayOn              _sms_manager
     00000782  A$_sms_manager$179                 _sms_manager
     00000782  C$_sms_manager.c$18$1$84           _sms_manager
     00000782  XG$devkit_SMS_displayOn$0$0        _sms_manager
     00000785  A$_sms_manager$192                 _sms_manager
     00000785  C$_sms_manager.c$19$1$84           _sms_manager
     00000785  C$_sms_manager.c$21$1$85           _sms_manager
     00000785  G$devkit_SMS_displayOff$0$0        _sms_manager
     00000785  _devkit_SMS_displayOff             _sms_manager
     00000788  A$_sms_manager$197                 _sms_manager
     00000788  C$_sms_manager.c$22$1$85           _sms_manager
     00000788  XG$devkit_SMS_displayOff$0$0       _sms_manager
     0000078B  A$_sms_manager$210                 _sms_manager
     0000078B  C$_sms_manager.c$24$1$85           _sms_manager
     0000078B  C$_sms_manager.c$26$1$87           _sms_manager
     0000078B  G$devkit_SMS_setBGScrollX$0$0      _sms_manager
     0000078B  _devkit_SMS_setBGScrollX           _sms_manager
     0000078F  A$_sms_manager$211                 _sms_manager
     00000791  A$_sms_manager$212                 _sms_manager
     00000794  A$_sms_manager$217                 _sms_manager
     00000794  C$_sms_manager.c$27$1$87           _sms_manager
     00000794  XG$devkit_SMS_setBGScrollX$0$0     _sms_manager
     00000797  A$_sms_manager$230                 _sms_manager
     00000797  C$_sms_manager.c$28$1$87           _sms_manager
     00000797  C$_sms_manager.c$30$1$89           _sms_manager
     00000797  G$devkit_SMS_setBGScrollY$0$0      _sms_manager
     00000797  _devkit_SMS_setBGScrollY           _sms_manager
     0000079B  A$_sms_manager$231                 _sms_manager
ASxxxx Linker V03.00 + NoICE + sdld,  page 5.
Hexadecimal  [32-Bits]

Area                                    Addr        Size        Decimal Bytes (Attributes)
--------------------------------        ----        ----        ------- ----- ------------
_CODE                               00000200    00004B7F =       19327. bytes (REL,CON)

      Value  Global                              Global Defined In Module
      -----  --------------------------------   ------------------------
     0000079D  A$_sms_manager$232                 _sms_manager
     000007A0  A$_sms_manager$237                 _sms_manager
     000007A0  C$_sms_manager.c$31$1$89           _sms_manager
     000007A0  XG$devkit_SMS_setBGScrollY$0$0     _sms_manager
     000007A3  A$_sms_manager$250                 _sms_manager
     000007A3  C$_sms_manager.c$32$1$89           _sms_manager
     000007A3  C$_sms_manager.c$34$1$91           _sms_manager
     000007A3  G$devkit_SMS_setBackdropColor$0$   _sms_manager
     000007A3  _devkit_SMS_setBackdropColor       _sms_manager
     000007A7  A$_sms_manager$251                 _sms_manager
     000007A9  A$_sms_manager$252                 _sms_manager
     000007AC  A$_sms_manager$257                 _sms_manager
     000007AC  C$_sms_manager.c$35$1$91           _sms_manager
     000007AC  XG$devkit_SMS_setBackdropColor$0   _sms_manager
     000007AF  A$_sms_manager$270                 _sms_manager
     000007AF  C$_sms_manager.c$36$1$91           _sms_manager
     000007AF  C$_sms_manager.c$38$1$92           _sms_manager
     000007AF  G$devkit_SMS_useFirstHalfTilesfo   _sms_manager
     000007AF  _devkit_SMS_useFirstHalfTilesfor   _sms_manager
     000007B1  A$_sms_manager$275                 _sms_manager
     000007B1  C$_sms_manager.c$39$1$92           _sms_manager
     000007B1  XG$devkit_SMS_useFirstHalfTilesf   _sms_manager
     000007B4  A$_sms_manager$288                 _sms_manager
     000007B4  C$_sms_manager.c$40$1$92           _sms_manager
     000007B4  C$_sms_manager.c$42$1$93           _sms_manager
     000007B4  G$devkit_SMS_useFirstHalfTilesfo   _sms_manager
     000007B4  _devkit_SMS_useFirstHalfTilesfor   _sms_manager
     000007B6  A$_sms_manager$293                 _sms_manager
     000007B6  C$_sms_manager.c$43$1$93           _sms_manager
     000007B6  XG$devkit_SMS_useFirstHalfTilesf   _sms_manager
     000007B9  A$_sms_manager$306                 _sms_manager
     000007B9  C$_sms_manager.c$44$1$93           _sms_manager
     000007B9  C$_sms_manager.c$46$1$95           _sms_manager
     000007B9  G$devkit_SMS_setSpriteMode$0$0     _sms_manager
     000007B9  _devkit_SMS_setSpriteMode          _sms_manager
     000007BD  A$_sms_manager$307                 _sms_manager
     000007BF  A$_sms_manager$308                 _sms_manager
     000007C2  A$_sms_manager$313                 _sms_manager
     000007C2  C$_sms_manager.c$47$1$95           _sms_manager
     000007C2  XG$devkit_SMS_setSpriteMode$0$0    _sms_manager
     000007C5  A$_sms_manager$326                 _sms_manager
     000007C5  C$_sms_manager.c$49$1$95           _sms_manager
     000007C5  C$_sms_manager.c$51$1$97           _sms_manager
     000007C5  G$devkit_SMS_mapROMBank$0$0        _sms_manager
     000007C5  _devkit_SMS_mapROMBank             _sms_manager
     000007C8  A$_sms_manager$327                 _sms_manager
     000007C9  A$_sms_manager$328                 _sms_manager
     000007CA  A$_sms_manager$329                 _sms_manager
     000007CD  A$_sms_manager$334                 _sms_manager
     000007CD  C$_sms_manager.c$52$1$97           _sms_manager
     000007CD  XG$devkit_SMS_mapROMBank$0$0       _sms_manager
ASxxxx Linker V03.00 + NoICE + sdld,  page 6.
Hexadecimal  [32-Bits]

Area                                    Addr        Size        Decimal Bytes (Attributes)
--------------------------------        ----        ----        ------- ----- ------------
_CODE                               00000200    00004B7F =       19327. bytes (REL,CON)

      Value  Global                              Global Defined In Module
      -----  --------------------------------   ------------------------
     000007CE  A$_sms_manager$347                 _sms_manager
     000007CE  C$_sms_manager.c$53$1$97           _sms_manager
     000007CE  C$_sms_manager.c$55$1$99           _sms_manager
     000007CE  G$devkit_SMS_VDPturnOnFeature$0$   _sms_manager
     000007CE  _devkit_SMS_VDPturnOnFeature       _sms_manager
     000007CF  A$_sms_manager$348                 _sms_manager
     000007D0  A$_sms_manager$349                 _sms_manager
     000007D1  A$_sms_manager$350                 _sms_manager
     000007D2  A$_sms_manager$355                 _sms_manager
     000007D2  C$_sms_manager.c$56$1$99           _sms_manager
     000007D2  XG$devkit_SMS_VDPturnOnFeature$0   _sms_manager
     000007D5  A$_sms_manager$365                 _sms_manager
     000007D5  C$_sms_manager.c$58$1$99           _sms_manager
     000007D5  G$devkit_SMS_loadTileMap$0$0       _sms_manager
     000007D5  _devkit_SMS_loadTileMap            _sms_manager
     000007D7  A$_sms_manager$366                 _sms_manager
     000007DB  A$_sms_manager$367                 _sms_manager
     000007DD  A$_sms_manager$371                 _sms_manager
     000007DD  C$_sms_manager.c$60$1$101          _sms_manager
     000007E0  A$_sms_manager$372                 _sms_manager
     000007E3  A$_sms_manager$373                 _sms_manager
     000007E6  A$_sms_manager$374                 _sms_manager
     000007E8  A$_sms_manager$375                 _sms_manager
     000007E9  A$_sms_manager$376                 _sms_manager
     000007EA  A$_sms_manager$377                 _sms_manager
     000007EB  A$_sms_manager$378                 _sms_manager
     000007EC  A$_sms_manager$379                 _sms_manager
     000007ED  A$_sms_manager$380                 _sms_manager
     000007EE  A$_sms_manager$381                 _sms_manager
     000007EF  A$_sms_manager$382                 _sms_manager
     000007F0  A$_sms_manager$383                 _sms_manager
     000007F2  A$_sms_manager$384                 _sms_manager
     000007F3  A$_sms_manager$385                 _sms_manager
     000007F6  A$_sms_manager$386                 _sms_manager
     000007F8  A$_sms_manager$387                 _sms_manager
     000007F9  A$_sms_manager$388                 _sms_manager
     000007FA  A$_sms_manager$389                 _sms_manager
     000007FB  A$_sms_manager$390                 _sms_manager
     000007FC  A$_sms_manager$391                 _sms_manager
     000007FD  A$_sms_manager$392                 _sms_manager
     000007FE  A$_sms_manager$393                 _sms_manager
     000007FF  A$_sms_manager$394                 _sms_manager
     00000802  A$_sms_manager$395                 _sms_manager
     00000805  A$_sms_manager$396                 _sms_manager
     00000806  A$_sms_manager$397                 _sms_manager
     00000807  A$_sms_manager$398                 _sms_manager
     00000808  A$_sms_manager$399                 _sms_manager
     0000080B  A$_sms_manager$400                 _sms_manager
     0000080E  A$_sms_manager$401                 _sms_manager
     0000080F  A$_sms_manager$402                 _sms_manager
     00000810  A$_sms_manager$403                 _sms_manager
ASxxxx Linker V03.00 + NoICE + sdld,  page 7.
Hexadecimal  [32-Bits]

Area                                    Addr        Size        Decimal Bytes (Attributes)
--------------------------------        ----        ----        ------- ----- ------------
_CODE                               00000200    00004B7F =       19327. bytes (REL,CON)

      Value  Global                              Global Defined In Module
      -----  --------------------------------   ------------------------
     00000812  A$_sms_manager$408                 _sms_manager
     00000812  C$_sms_manager.c$61$1$101          _sms_manager
     00000812  XG$devkit_SMS_loadTileMap$0$0      _sms_manager
     00000813  A$_sms_manager$421                 _sms_manager
     00000813  C$_sms_manager.c$63$1$101          _sms_manager
     00000813  C$_sms_manager.c$65$1$103          _sms_manager
     00000813  G$devkit_SMS_loadPSGaidencompres   _sms_manager
     00000813  _devkit_SMS_loadPSGaidencompress   _sms_manager
     00000816  A$_sms_manager$422                 _sms_manager
     00000817  A$_sms_manager$423                 _sms_manager
     00000818  A$_sms_manager$424                 _sms_manager
     00000819  A$_sms_manager$425                 _sms_manager
     0000081A  A$_sms_manager$426                 _sms_manager
     0000081B  A$_sms_manager$427                 _sms_manager
     0000081E  A$_sms_manager$428                 _sms_manager
     0000081F  A$_sms_manager$429                 _sms_manager
     00000820  A$_sms_manager$430                 _sms_manager
     00000821  A$_sms_manager$431                 _sms_manager
     00000822  A$_sms_manager$432                 _sms_manager
     00000823  A$_sms_manager$433                 _sms_manager
     00000826  A$_sms_manager$434                 _sms_manager
     00000827  A$_sms_manager$435                 _sms_manager
     00000828  A$_sms_manager$440                 _sms_manager
     00000828  C$_sms_manager.c$66$1$103          _sms_manager
     00000828  XG$devkit_SMS_loadPSGaidencompre   _sms_manager
     00000829  A$_sms_manager$453                 _sms_manager
     00000829  C$_sms_manager.c$67$1$103          _sms_manager
     00000829  C$_sms_manager.c$69$1$105          _sms_manager
     00000829  G$devkit_SMS_loadSTMcompressedTi   _sms_manager
     00000829  _devkit_SMS_loadSTMcompressedTil   _sms_manager
     0000082B  A$_sms_manager$454                 _sms_manager
     0000082C  A$_sms_manager$455                 _sms_manager
     0000082D  A$_sms_manager$456                 _sms_manager
     00000830  A$_sms_manager$457                 _sms_manager
     00000831  A$_sms_manager$458                 _sms_manager
     00000832  A$_sms_manager$459                 _sms_manager
     00000833  A$_sms_manager$460                 _sms_manager
     00000834  A$_sms_manager$461                 _sms_manager
     00000835  A$_sms_manager$462                 _sms_manager
     00000838  A$_sms_manager$463                 _sms_manager
     00000839  A$_sms_manager$464                 _sms_manager
     0000083A  A$_sms_manager$465                 _sms_manager
     0000083B  A$_sms_manager$466                 _sms_manager
     0000083C  A$_sms_manager$467                 _sms_manager
     0000083F  A$_sms_manager$468                 _sms_manager
     00000840  A$_sms_manager$469                 _sms_manager
     00000841  A$_sms_manager$470                 _sms_manager
     00000842  A$_sms_manager$471                 _sms_manager
     00000843  A$_sms_manager$472                 _sms_manager
     00000846  A$_sms_manager$473                 _sms_manager
     00000847  A$_sms_manager$474                 _sms_manager
ASxxxx Linker V03.00 + NoICE + sdld,  page 8.
Hexadecimal  [32-Bits]

Area                                    Addr        Size        Decimal Bytes (Attributes)
--------------------------------        ----        ----        ------- ----- ------------
_CODE                               00000200    00004B7F =       19327. bytes (REL,CON)

      Value  Global                              Global Defined In Module
      -----  --------------------------------   ------------------------
     00000848  A$_sms_manager$475                 _sms_manager
     00000849  A$_sms_manager$480                 _sms_manager
     00000849  C$_sms_manager.c$70$1$105          _sms_manager
     00000849  XG$devkit_SMS_loadSTMcompressedT   _sms_manager
     0000084A  A$_sms_manager$493                 _sms_manager
     0000084A  C$_sms_manager.c$72$1$105          _sms_manager
     0000084A  C$_sms_manager.c$74$1$107          _sms_manager
     0000084A  G$devkit_SMS_setBGPaletteColor$0   _sms_manager
     0000084A  _devkit_SMS_setBGPaletteColor      _sms_manager
     0000084D  A$_sms_manager$494                 _sms_manager
     0000084E  A$_sms_manager$495                 _sms_manager
     0000084F  A$_sms_manager$496                 _sms_manager
     00000850  A$_sms_manager$497                 _sms_manager
     00000851  A$_sms_manager$498                 _sms_manager
     00000854  A$_sms_manager$499                 _sms_manager
     00000855  A$_sms_manager$500                 _sms_manager
     00000856  A$_sms_manager$501                 _sms_manager
     00000857  A$_sms_manager$502                 _sms_manager
     00000858  A$_sms_manager$503                 _sms_manager
     0000085B  A$_sms_manager$504                 _sms_manager
     0000085C  A$_sms_manager$509                 _sms_manager
     0000085C  C$_sms_manager.c$75$1$107          _sms_manager
     0000085C  XG$devkit_SMS_setBGPaletteColor$   _sms_manager
     0000085D  A$_sms_manager$522                 _sms_manager
     0000085D  C$_sms_manager.c$76$1$107          _sms_manager
     0000085D  C$_sms_manager.c$78$1$109          _sms_manager
     0000085D  G$devkit_SMS_setSpritePaletteCol   _sms_manager
     0000085D  _devkit_SMS_setSpritePaletteColo   _sms_manager
     00000860  A$_sms_manager$523                 _sms_manager
     00000861  A$_sms_manager$524                 _sms_manager
     00000862  A$_sms_manager$525                 _sms_manager
     00000863  A$_sms_manager$526                 _sms_manager
     00000864  A$_sms_manager$527                 _sms_manager
     00000867  A$_sms_manager$528                 _sms_manager
     00000868  A$_sms_manager$529                 _sms_manager
     00000869  A$_sms_manager$530                 _sms_manager
     0000086A  A$_sms_manager$531                 _sms_manager
     0000086D  A$_sms_manager$532                 _sms_manager
     0000086E  A$_sms_manager$533                 _sms_manager
     0000086F  A$_sms_manager$534                 _sms_manager
     00000870  A$_sms_manager$535                 _sms_manager
     00000871  A$_sms_manager$536                 _sms_manager
     00000872  A$_sms_manager$537                 _sms_manager
     00000873  A$_sms_manager$538                 _sms_manager
     00000875  A$_sms_manager$539                 _sms_manager
     00000876  A$_sms_manager$540                 _sms_manager
     00000877  A$_sms_manager$544                 _sms_manager
     00000877  C$_sms_manager.c$79$1$109          _sms_manager
     00000878  A$_sms_manager$545                 _sms_manager
     00000879  A$_sms_manager$546                 _sms_manager
     0000087C  A$_sms_manager$547                 _sms_manager
ASxxxx Linker V03.00 + NoICE + sdld,  page 9.
Hexadecimal  [32-Bits]

Area                                    Addr        Size        Decimal Bytes (Attributes)
--------------------------------        ----        ----        ------- ----- ------------
_CODE                               00000200    00004B7F =       19327. bytes (REL,CON)

      Value  Global                              Global Defined In Module
      -----  --------------------------------   ------------------------
     0000087D  A$_sms_manager$548                 _sms_manager
     0000087E  A$_sms_manager$549                 _sms_manager
     0000087F  A$_sms_manager$550                 _sms_manager
     00000880  A$_sms_manager$551                 _sms_manager
     00000883  A$_sms_manager$552                 _sms_manager
     00000884  A$_sms_manager$557                 _sms_manager
     00000884  C$_sms_manager.c$80$1$109          _sms_manager
     00000884  XG$devkit_SMS_setSpritePaletteCo   _sms_manager
     00000885  A$_sms_manager$570                 _sms_manager
     00000885  C$_sms_manager.c$81$1$109          _sms_manager
     00000885  C$_sms_manager.c$83$1$111          _sms_manager
     00000885  G$devkit_SMS_loadBGPalette$0$0     _sms_manager
     00000885  _devkit_SMS_loadBGPalette          _sms_manager
     00000886  A$_sms_manager$571                 _sms_manager
     00000887  A$_sms_manager$572                 _sms_manager
     00000888  A$_sms_manager$573                 _sms_manager
     00000889  A$_sms_manager$578                 _sms_manager
     00000889  C$_sms_manager.c$84$1$111          _sms_manager
     00000889  XG$devkit_SMS_loadBGPalette$0$0    _sms_manager
     0000088C  A$_sms_manager$591                 _sms_manager
     0000088C  C$_sms_manager.c$85$1$111          _sms_manager
     0000088C  C$_sms_manager.c$87$1$113          _sms_manager
     0000088C  G$devkit_SMS_loadSpritePalette$0   _sms_manager
     0000088C  _devkit_SMS_loadSpritePalette      _sms_manager
     0000088D  A$_sms_manager$592                 _sms_manager
     0000088E  A$_sms_manager$593                 _sms_manager
     0000088F  A$_sms_manager$594                 _sms_manager
     00000890  A$_sms_manager$599                 _sms_manager
     00000890  C$_sms_manager.c$88$1$113          _sms_manager
     00000890  XG$devkit_SMS_loadSpritePalette$   _sms_manager
     00000893  A$_sms_manager$609                 _sms_manager
     00000893  C$_sms_manager.c$90$1$113          _sms_manager
     00000893  G$devkit_SMS_setNextTileatXY$0$0   _sms_manager
     00000893  _devkit_SMS_setNextTileatXY        _sms_manager
     00000895  A$_sms_manager$610                 _sms_manager
     00000899  A$_sms_manager$611                 _sms_manager
     0000089B  A$_sms_manager$615                 _sms_manager
     0000089B  C$_sms_manager.c$92$1$115          _sms_manager
     0000089E  A$_sms_manager$616                 _sms_manager
     000008A0  A$_sms_manager$617                 _sms_manager
     000008A1  A$_sms_manager$618                 _sms_manager
     000008A2  A$_sms_manager$619                 _sms_manager
     000008A3  A$_sms_manager$620                 _sms_manager
     000008A4  A$_sms_manager$621                 _sms_manager
     000008A5  A$_sms_manager$622                 _sms_manager
     000008A6  A$_sms_manager$623                 _sms_manager
     000008A7  A$_sms_manager$624                 _sms_manager
     000008A8  A$_sms_manager$625                 _sms_manager
     000008AA  A$_sms_manager$626                 _sms_manager
     000008AB  A$_sms_manager$627                 _sms_manager
     000008AE  A$_sms_manager$628                 _sms_manager
ASxxxx Linker V03.00 + NoICE + sdld,  page 10.
Hexadecimal  [32-Bits]

Area                                    Addr        Size        Decimal Bytes (Attributes)
--------------------------------        ----        ----        ------- ----- ------------
_CODE                               00000200    00004B7F =       19327. bytes (REL,CON)

      Value  Global                              Global Defined In Module
      -----  --------------------------------   ------------------------
     000008B0  A$_sms_manager$629                 _sms_manager
     000008B1  A$_sms_manager$630                 _sms_manager
     000008B2  A$_sms_manager$631                 _sms_manager
     000008B3  A$_sms_manager$632                 _sms_manager
     000008B4  A$_sms_manager$633                 _sms_manager
     000008B5  A$_sms_manager$634                 _sms_manager
     000008B6  A$_sms_manager$635                 _sms_manager
     000008B7  A$_sms_manager$640                 _sms_manager
     000008B7  C$_sms_manager.c$93$1$115          _sms_manager
     000008B7  XG$devkit_SMS_setNextTileatXY$0$   _sms_manager
     000008B9  A$_sms_manager$641                 _sms_manager
     000008BC  A$_sms_manager$654                 _sms_manager
     000008BC  C$_sms_manager.c$94$1$115          _sms_manager
     000008BC  C$_sms_manager.c$96$1$117          _sms_manager
     000008BC  G$devkit_SMS_setTile$0$0           _sms_manager
     000008BC  _devkit_SMS_setTile                _sms_manager
     000008C0  A$_sms_manager$655                 _sms_manager
     000008C2  A$_sms_manager$656                 _sms_manager
     000008C5  A$_sms_manager$657                 _sms_manager
     000008C7  A$_sms_manager$662                 _sms_manager
     000008C7  C$_sms_manager.c$97$1$117          _sms_manager
     000008C7  XG$devkit_SMS_setTile$0$0          _sms_manager
     000008CA  A$_sms_manager$675                 _sms_manager
     000008CA  C$_sms_manager.c$101$1$119         _sms_manager
     000008CA  C$_sms_manager.c$99$1$117          _sms_manager
     000008CA  G$devkit_SMS_addSprite$0$0         _sms_manager
     000008CA  _devkit_SMS_addSprite              _sms_manager
     000008CD  A$_sms_manager$676                 _sms_manager
     000008CE  A$_sms_manager$677                 _sms_manager
     000008CF  A$_sms_manager$678                 _sms_manager
     000008D0  A$_sms_manager$679                 _sms_manager
     000008D1  A$_sms_manager$680                 _sms_manager
     000008D4  A$_sms_manager$681                 _sms_manager
     000008D5  A$_sms_manager$682                 _sms_manager
     000008D6  A$_sms_manager$683                 _sms_manager
     000008D7  A$_sms_manager$684                 _sms_manager
     000008D8  A$_sms_manager$685                 _sms_manager
     000008DB  A$_sms_manager$686                 _sms_manager
     000008DC  A$_sms_manager$687                 _sms_manager
     000008DD  A$_sms_manager$688                 _sms_manager
     000008DE  A$_sms_manager$689                 _sms_manager
     000008DF  A$_sms_manager$690                 _sms_manager
     000008E2  A$_sms_manager$691                 _sms_manager
     000008E3  A$_sms_manager$692                 _sms_manager
     000008E4  A$_sms_manager$697                 _sms_manager
     000008E4  C$_sms_manager.c$102$1$119         _sms_manager
     000008E4  XG$devkit_SMS_addSprite$0$0        _sms_manager
     000008E5  A$_sms_manager$714                 _sms_manager
     000008E5  C$_sms_manager.c$104$1$119         _sms_manager
     000008E5  C$_sms_manager.c$106$1$120         _sms_manager
     000008E5  C$_sms_manager.c$107$1$120         _sms_manager
ASxxxx Linker V03.00 + NoICE + sdld,  page 11.
Hexadecimal  [32-Bits]

Area                                    Addr        Size        Decimal Bytes (Attributes)
--------------------------------        ----        ----        ------- ----- ------------
_CODE                               00000200    00004B7F =       19327. bytes (REL,CON)

      Value  Global                              Global Defined In Module
      -----  --------------------------------   ------------------------
     000008E5  G$devkit_SMS_initSprites$0$0       _sms_manager
     000008E5  XG$devkit_SMS_initSprites$0$0      _sms_manager
     000008E5  _devkit_SMS_initSprites            _sms_manager
     000008E8  A$_sms_manager$731                 _sms_manager
     000008E8  C$_sms_manager.c$108$1$120         _sms_manager
     000008E8  C$_sms_manager.c$110$1$121         _sms_manager
     000008E8  C$_sms_manager.c$111$1$121         _sms_manager
     000008E8  G$devkit_SMS_finalizeSprites$0$0   _sms_manager
     000008E8  XG$devkit_SMS_finalizeSprites$0$   _sms_manager
     000008E8  _devkit_SMS_finalizeSprites        _sms_manager
     000008EB  A$_sms_manager$748                 _sms_manager
     000008EB  C$_sms_manager.c$112$1$121         _sms_manager
     000008EB  C$_sms_manager.c$114$1$122         _sms_manager
     000008EB  C$_sms_manager.c$115$1$122         _sms_manager
     000008EB  G$devkit_SMS_waitForVBlank$0$0     _sms_manager
     000008EB  XG$devkit_SMS_waitForVBlank$0$0    _sms_manager
     000008EB  _devkit_SMS_waitForVBlank          _sms_manager
     000008EE  A$_sms_manager$765                 _sms_manager
     000008EE  C$_sms_manager.c$116$1$122         _sms_manager
     000008EE  C$_sms_manager.c$118$1$123         _sms_manager
     000008EE  C$_sms_manager.c$119$1$123         _sms_manager
     000008EE  G$devkit_SMS_copySpritestoSAT$0$   _sms_manager
     000008EE  XG$devkit_SMS_copySpritestoSAT$0   _sms_manager
     000008EE  _devkit_SMS_copySpritestoSAT       _sms_manager
     000008F1  A$_sms_manager$782                 _sms_manager
     000008F1  C$_sms_manager.c$120$1$123         _sms_manager
     000008F1  C$_sms_manager.c$122$1$124         _sms_manager
     000008F1  C$_sms_manager.c$123$1$124         _sms_manager
     000008F1  G$devkit_UNSAFE_SMS_copySpritest   _sms_manager
     000008F1  XG$devkit_UNSAFE_SMS_copySprites   _sms_manager
     000008F1  _devkit_UNSAFE_SMS_copySpritesto   _sms_manager
     000008F4  A$_sms_manager$795                 _sms_manager
     000008F4  C$_sms_manager.c$124$1$124         _sms_manager
     000008F4  C$_sms_manager.c$126$1$126         _sms_manager
     000008F4  G$devkit_UNSAFE_SMS_VRAMmemcpy32   _sms_manager
     000008F4  _devkit_UNSAFE_SMS_VRAMmemcpy32    _sms_manager
     000008F7  A$_sms_manager$796                 _sms_manager
     000008F8  A$_sms_manager$797                 _sms_manager
     000008F9  A$_sms_manager$798                 _sms_manager
     000008FA  A$_sms_manager$799                 _sms_manager
     000008FB  A$_sms_manager$800                 _sms_manager
     000008FC  A$_sms_manager$801                 _sms_manager
     000008FF  A$_sms_manager$802                 _sms_manager
     00000900  A$_sms_manager$803                 _sms_manager
     00000901  A$_sms_manager$804                 _sms_manager
     00000902  A$_sms_manager$805                 _sms_manager
     00000903  A$_sms_manager$806                 _sms_manager
     00000904  A$_sms_manager$807                 _sms_manager
     00000907  A$_sms_manager$808                 _sms_manager
     00000908  A$_sms_manager$809                 _sms_manager
     00000909  A$_sms_manager$814                 _sms_manager
ASxxxx Linker V03.00 + NoICE + sdld,  page 12.
Hexadecimal  [32-Bits]

Area                                    Addr        Size        Decimal Bytes (Attributes)
--------------------------------        ----        ----        ------- ----- ------------
_CODE                               00000200    00004B7F =       19327. bytes (REL,CON)

      Value  Global                              Global Defined In Module
      -----  --------------------------------   ------------------------
     00000909  C$_sms_manager.c$127$1$126         _sms_manager
     00000909  XG$devkit_UNSAFE_SMS_VRAMmemcpy3   _sms_manager
     0000090A  A$_sms_manager$827                 _sms_manager
     0000090A  C$_sms_manager.c$128$1$126         _sms_manager
     0000090A  C$_sms_manager.c$130$1$128         _sms_manager
     0000090A  G$devkit_UNSAFE_SMS_VRAMmemcpy64   _sms_manager
     0000090A  _devkit_UNSAFE_SMS_VRAMmemcpy64    _sms_manager
     0000090D  A$_sms_manager$828                 _sms_manager
     0000090E  A$_sms_manager$829                 _sms_manager
     0000090F  A$_sms_manager$830                 _sms_manager
     00000910  A$_sms_manager$831                 _sms_manager
     00000911  A$_sms_manager$832                 _sms_manager
     00000912  A$_sms_manager$833                 _sms_manager
     00000915  A$_sms_manager$834                 _sms_manager
     00000916  A$_sms_manager$835                 _sms_manager
     00000917  A$_sms_manager$836                 _sms_manager
     00000918  A$_sms_manager$837                 _sms_manager
     00000919  A$_sms_manager$838                 _sms_manager
     0000091A  A$_sms_manager$839                 _sms_manager
     0000091D  A$_sms_manager$840                 _sms_manager
     0000091E  A$_sms_manager$841                 _sms_manager
     0000091F  A$_sms_manager$846                 _sms_manager
     0000091F  C$_sms_manager.c$131$1$128         _sms_manager
     0000091F  XG$devkit_UNSAFE_SMS_VRAMmemcpy6   _sms_manager
     00000920  A$_sms_manager$859                 _sms_manager
     00000920  C$_sms_manager.c$132$1$128         _sms_manager
     00000920  C$_sms_manager.c$134$1$130         _sms_manager
     00000920  G$devkit_UNSAFE_SMS_VRAMmemcpy12   _sms_manager
     00000920  _devkit_UNSAFE_SMS_VRAMmemcpy128   _sms_manager
     00000923  A$_sms_manager$860                 _sms_manager
     00000924  A$_sms_manager$861                 _sms_manager
     00000925  A$_sms_manager$862                 _sms_manager
     00000926  A$_sms_manager$863                 _sms_manager
     00000927  A$_sms_manager$864                 _sms_manager
     00000928  A$_sms_manager$865                 _sms_manager
     0000092B  A$_sms_manager$866                 _sms_manager
     0000092C  A$_sms_manager$867                 _sms_manager
     0000092D  A$_sms_manager$868                 _sms_manager
     0000092E  A$_sms_manager$869                 _sms_manager
     0000092F  A$_sms_manager$870                 _sms_manager
     00000930  A$_sms_manager$871                 _sms_manager
     00000933  A$_sms_manager$872                 _sms_manager
     00000934  A$_sms_manager$873                 _sms_manager
     00000935  A$_sms_manager$878                 _sms_manager
     00000935  C$_sms_manager.c$135$1$130         _sms_manager
     00000935  XG$devkit_UNSAFE_SMS_VRAMmemcpy1   _sms_manager
     00000936  A$_sms_manager$895                 _sms_manager
     00000936  C$_sms_manager.c$137$1$130         _sms_manager
     00000936  C$_sms_manager.c$139$1$131         _sms_manager
     00000936  C$_sms_manager.c$140$1$131         _sms_manager
     00000936  G$devkit_SMS_queryPauseRequested   _sms_manager
ASxxxx Linker V03.00 + NoICE + sdld,  page 13.
Hexadecimal  [32-Bits]

Area                                    Addr        Size        Decimal Bytes (Attributes)
--------------------------------        ----        ----        ------- ----- ------------
_CODE                               00000200    00004B7F =       19327. bytes (REL,CON)

      Value  Global                              Global Defined In Module
      -----  --------------------------------   ------------------------
     00000936  XG$devkit_SMS_queryPauseRequeste   _sms_manager
     00000936  _devkit_SMS_queryPauseRequested    _sms_manager
     00000939  A$_sms_manager$912                 _sms_manager
     00000939  C$_sms_manager.c$141$1$131         _sms_manager
     00000939  C$_sms_manager.c$143$1$132         _sms_manager
     00000939  C$_sms_manager.c$144$1$132         _sms_manager
     00000939  G$devkit_SMS_resetPauseRequest$0   _sms_manager
     00000939  XG$devkit_SMS_resetPauseRequest$   _sms_manager
     00000939  _devkit_SMS_resetPauseRequest      _sms_manager
     0000093C  A$_sms_manager$929                 _sms_manager
     0000093C  C$_sms_manager.c$147$1$132         _sms_manager
     0000093C  C$_sms_manager.c$149$1$133         _sms_manager
     0000093C  C$_sms_manager.c$150$1$133         _sms_manager
     0000093C  G$devkit_SMS_getKeysStatus$0$0     _sms_manager
     0000093C  XG$devkit_SMS_getKeysStatus$0$0    _sms_manager
     0000093C  _devkit_SMS_getKeysStatus          _sms_manager
     0000093F  A$_sms_manager$946                 _sms_manager
     0000093F  C$_sms_manager.c$151$1$133         _sms_manager
     0000093F  C$_sms_manager.c$153$1$134         _sms_manager
     0000093F  C$_sms_manager.c$154$1$134         _sms_manager
     0000093F  G$devkit_SMS_getKeysPressed$0$0    _sms_manager
     0000093F  XG$devkit_SMS_getKeysPressed$0$0   _sms_manager
     0000093F  _devkit_SMS_getKeysPressed         _sms_manager
     00000942  A$_sms_manager$963                 _sms_manager
     00000942  C$_sms_manager.c$155$1$134         _sms_manager
     00000942  C$_sms_manager.c$157$1$135         _sms_manager
     00000942  C$_sms_manager.c$158$1$135         _sms_manager
     00000942  G$devkit_SMS_getKeysHeld$0$0       _sms_manager
     00000942  XG$devkit_SMS_getKeysHeld$0$0      _sms_manager
     00000942  _devkit_SMS_getKeysHeld            _sms_manager
     00000945  A$_sms_manager$980                 _sms_manager
     00000945  C$_sms_manager.c$159$1$135         _sms_manager
     00000945  C$_sms_manager.c$161$1$136         _sms_manager
     00000945  C$_sms_manager.c$162$1$136         _sms_manager
     00000945  G$devkit_SMS_getKeysReleased$0$0   _sms_manager
     00000945  XG$devkit_SMS_getKeysReleased$0$   _sms_manager
     00000945  _devkit_SMS_getKeysReleased        _sms_manager
     00000948  A$_sms_manager$993                 _sms_manager
     00000948  C$_sms_manager.c$164$1$136         _sms_manager
     00000948  C$_sms_manager.c$166$1$137         _sms_manager
     00000948  G$devkit_PORT_A_KEY_UP$0$0         _sms_manager
     00000948  _devkit_PORT_A_KEY_UP              _sms_manager
     0000094B  A$_sms_manager$998                 _sms_manager
     0000094B  C$_sms_manager.c$167$1$137         _sms_manager
     0000094B  XG$devkit_PORT_A_KEY_UP$0$0        _sms_manager
     0000094C  A$_sms_manager$1011                _sms_manager
     0000094C  C$_sms_manager.c$168$1$137         _sms_manager
     0000094C  C$_sms_manager.c$170$1$138         _sms_manager
     0000094C  G$devkit_PORT_A_KEY_DOWN$0$0       _sms_manager
     0000094C  _devkit_PORT_A_KEY_DOWN            _sms_manager
     0000094F  A$_sms_manager$1016                _sms_manager
ASxxxx Linker V03.00 + NoICE + sdld,  page 14.
Hexadecimal  [32-Bits]

Area                                    Addr        Size        Decimal Bytes (Attributes)
--------------------------------        ----        ----        ------- ----- ------------
_CODE                               00000200    00004B7F =       19327. bytes (REL,CON)

      Value  Global                              Global Defined In Module
      -----  --------------------------------   ------------------------
     0000094F  C$_sms_manager.c$171$1$138         _sms_manager
     0000094F  XG$devkit_PORT_A_KEY_DOWN$0$0      _sms_manager
     00000950  A$_sms_manager$1029                _sms_manager
     00000950  C$_sms_manager.c$172$1$138         _sms_manager
     00000950  C$_sms_manager.c$174$1$139         _sms_manager
     00000950  G$devkit_PORT_A_KEY_LEFT$0$0       _sms_manager
     00000950  _devkit_PORT_A_KEY_LEFT            _sms_manager
     00000953  A$_sms_manager$1034                _sms_manager
     00000953  C$_sms_manager.c$175$1$139         _sms_manager
     00000953  XG$devkit_PORT_A_KEY_LEFT$0$0      _sms_manager
     00000954  A$_sms_manager$1047                _sms_manager
     00000954  C$_sms_manager.c$176$1$139         _sms_manager
     00000954  C$_sms_manager.c$178$1$140         _sms_manager
     00000954  G$devkit_PORT_A_KEY_RIGHT$0$0      _sms_manager
     00000954  _devkit_PORT_A_KEY_RIGHT           _sms_manager
     00000957  A$_sms_manager$1052                _sms_manager
     00000957  C$_sms_manager.c$179$1$140         _sms_manager
     00000957  XG$devkit_PORT_A_KEY_RIGHT$0$0     _sms_manager
     00000958  A$_sms_manager$1065                _sms_manager
     00000958  C$_sms_manager.c$180$1$140         _sms_manager
     00000958  C$_sms_manager.c$182$1$141         _sms_manager
     00000958  G$devkit_PORT_A_KEY_1$0$0          _sms_manager
     00000958  _devkit_PORT_A_KEY_1               _sms_manager
     0000095B  A$_sms_manager$1070                _sms_manager
     0000095B  C$_sms_manager.c$183$1$141         _sms_manager
     0000095B  XG$devkit_PORT_A_KEY_1$0$0         _sms_manager
     0000095C  A$_sms_manager$1083                _sms_manager
     0000095C  C$_sms_manager.c$184$1$141         _sms_manager
     0000095C  C$_sms_manager.c$186$1$142         _sms_manager
     0000095C  G$devkit_PORT_A_KEY_2$0$0          _sms_manager
     0000095C  _devkit_PORT_A_KEY_2               _sms_manager
     0000095F  A$_sms_manager$1088                _sms_manager
     0000095F  C$_sms_manager.c$187$1$142         _sms_manager
     0000095F  XG$devkit_PORT_A_KEY_2$0$0         _sms_manager
     00000960  A$_sms_manager$1101                _sms_manager
     00000960  C$_sms_manager.c$190$1$142         _sms_manager
     00000960  C$_sms_manager.c$192$1$144         _sms_manager
     00000960  G$devkit_SMS_VRAMmemcpy$0$0        _sms_manager
     00000960  _devkit_SMS_VRAMmemcpy             _sms_manager
     00000963  A$_sms_manager$1102                _sms_manager
     00000964  A$_sms_manager$1103                _sms_manager
     00000965  A$_sms_manager$1104                _sms_manager
     00000966  A$_sms_manager$1105                _sms_manager
     00000967  A$_sms_manager$1106                _sms_manager
     00000968  A$_sms_manager$1107                _sms_manager
     0000096B  A$_sms_manager$1108                _sms_manager
     0000096C  A$_sms_manager$1109                _sms_manager
     0000096D  A$_sms_manager$1110                _sms_manager
     0000096E  A$_sms_manager$1111                _sms_manager
     0000096F  A$_sms_manager$1112                _sms_manager
     00000970  A$_sms_manager$1113                _sms_manager
ASxxxx Linker V03.00 + NoICE + sdld,  page 15.
Hexadecimal  [32-Bits]

Area                                    Addr        Size        Decimal Bytes (Attributes)
--------------------------------        ----        ----        ------- ----- ------------
_CODE                               00000200    00004B7F =       19327. bytes (REL,CON)

      Value  Global                              Global Defined In Module
      -----  --------------------------------   ------------------------
     00000973  A$_sms_manager$1114                _sms_manager
     00000974  A$_sms_manager$1115                _sms_manager
     00000975  A$_sms_manager$1116                _sms_manager
     00000976  A$_sms_manager$1117                _sms_manager
     00000977  A$_sms_manager$1118                _sms_manager
     00000978  A$_sms_manager$1119                _sms_manager
     0000097B  A$_sms_manager$1120                _sms_manager
     0000097E  A$_sms_manager$1121                _sms_manager
     0000097F  A$_sms_manager$1122                _sms_manager
     00000980  A$_sms_manager$1127                _sms_manager
     00000980  C$_sms_manager.c$193$1$144         _sms_manager
     00000980  XG$devkit_SMS_VRAMmemcpy$0$0       _sms_manager
     00000981  A$_sms_manager$1140                _sms_manager
     00000981  C$_sms_manager.c$194$1$144         _sms_manager
     00000981  C$_sms_manager.c$196$1$146         _sms_manager
     00000981  G$devkit_SMS_VRAMmemcpy_brief$0$   _sms_manager
     00000981  _devkit_SMS_VRAMmemcpy_brief       _sms_manager
     00000984  A$_sms_manager$1141                _sms_manager
     00000985  A$_sms_manager$1142                _sms_manager
     00000986  A$_sms_manager$1143                _sms_manager
     00000987  A$_sms_manager$1144                _sms_manager
     00000988  A$_sms_manager$1145                _sms_manager
     0000098B  A$_sms_manager$1146                _sms_manager
     0000098C  A$_sms_manager$1147                _sms_manager
     0000098D  A$_sms_manager$1148                _sms_manager
     0000098E  A$_sms_manager$1149                _sms_manager
     0000098F  A$_sms_manager$1150                _sms_manager
     00000990  A$_sms_manager$1151                _sms_manager
     00000993  A$_sms_manager$1152                _sms_manager
     00000994  A$_sms_manager$1153                _sms_manager
     00000995  A$_sms_manager$1154                _sms_manager
     00000996  A$_sms_manager$1155                _sms_manager
     00000997  A$_sms_manager$1156                _sms_manager
     00000998  A$_sms_manager$1157                _sms_manager
     0000099B  A$_sms_manager$1158                _sms_manager
     0000099C  A$_sms_manager$1159                _sms_manager
     0000099D  A$_sms_manager$1160                _sms_manager
     0000099E  A$_sms_manager$1165                _sms_manager
     0000099E  C$_sms_manager.c$197$1$146         _sms_manager
     0000099E  XG$devkit_SMS_VRAMmemcpy_brief$0   _sms_manager
     0000099F  A$_sms_manager$1178                _sms_manager
     0000099F  C$_sms_manager.c$198$1$146         _sms_manager
     0000099F  C$_sms_manager.c$200$1$148         _sms_manager
     0000099F  G$devkit_SMS_VRAMmemset$0$0        _sms_manager
     0000099F  _devkit_SMS_VRAMmemset             _sms_manager
     000009A2  A$_sms_manager$1179                _sms_manager
     000009A3  A$_sms_manager$1180                _sms_manager
     000009A4  A$_sms_manager$1181                _sms_manager
     000009A5  A$_sms_manager$1182                _sms_manager
     000009A6  A$_sms_manager$1183                _sms_manager
     000009A7  A$_sms_manager$1184                _sms_manager
ASxxxx Linker V03.00 + NoICE + sdld,  page 16.
Hexadecimal  [32-Bits]

Area                                    Addr        Size        Decimal Bytes (Attributes)
--------------------------------        ----        ----        ------- ----- ------------
_CODE                               00000200    00004B7F =       19327. bytes (REL,CON)

      Value  Global                              Global Defined In Module
      -----  --------------------------------   ------------------------
     000009AA  A$_sms_manager$1185                _sms_manager
     000009AB  A$_sms_manager$1186                _sms_manager
     000009AC  A$_sms_manager$1187                _sms_manager
     000009AD  A$_sms_manager$1188                _sms_manager
     000009AE  A$_sms_manager$1189                _sms_manager
     000009B1  A$_sms_manager$1190                _sms_manager
     000009B2  A$_sms_manager$1191                _sms_manager
     000009B3  A$_sms_manager$1192                _sms_manager
     000009B4  A$_sms_manager$1193                _sms_manager
     000009B5  A$_sms_manager$1194                _sms_manager
     000009B6  A$_sms_manager$1195                _sms_manager
     000009B9  A$_sms_manager$1196                _sms_manager
     000009BA  A$_sms_manager$1197                _sms_manager
     000009BB  A$_sms_manager$1198                _sms_manager
     000009BC  A$_sms_manager$1203                _sms_manager
     000009BC  C$_sms_manager.c$201$1$148         _sms_manager
     000009BC  XG$devkit_SMS_VRAMmemset$0$0       _sms_manager
     000009BD  A$_sms_manager$1216                _sms_manager
     000009BD  C$_sms_manager.c$202$1$148         _sms_manager
     000009BD  C$_sms_manager.c$204$1$150         _sms_manager
     000009BD  G$devkit_SMS_VRAMmemsetW$0$0       _sms_manager
     000009BD  _devkit_SMS_VRAMmemsetW            _sms_manager
     000009C0  A$_sms_manager$1217                _sms_manager
     000009C1  A$_sms_manager$1218                _sms_manager
     000009C2  A$_sms_manager$1219                _sms_manager
     000009C3  A$_sms_manager$1220                _sms_manager
     000009C4  A$_sms_manager$1221                _sms_manager
     000009C5  A$_sms_manager$1222                _sms_manager
     000009C8  A$_sms_manager$1223                _sms_manager
     000009C9  A$_sms_manager$1224                _sms_manager
     000009CA  A$_sms_manager$1225                _sms_manager
     000009CB  A$_sms_manager$1226                _sms_manager
     000009CC  A$_sms_manager$1227                _sms_manager
     000009CD  A$_sms_manager$1228                _sms_manager
     000009D0  A$_sms_manager$1229                _sms_manager
     000009D1  A$_sms_manager$1230                _sms_manager
     000009D2  A$_sms_manager$1231                _sms_manager
     000009D3  A$_sms_manager$1232                _sms_manager
     000009D4  A$_sms_manager$1233                _sms_manager
     000009D5  A$_sms_manager$1234                _sms_manager
     000009D8  A$_sms_manager$1235                _sms_manager
     000009DB  A$_sms_manager$1236                _sms_manager
     000009DC  A$_sms_manager$1237                _sms_manager
     000009DD  A$_sms_manager$1242                _sms_manager
     000009DD  C$_sms_manager.c$205$1$150         _sms_manager
     000009DD  XG$devkit_SMS_VRAMmemsetW$0$0      _sms_manager
     000009DE  A$_sms_manager$1255                _sms_manager
     000009DE  C$_sms_manager.c$208$1$150         _sms_manager
     000009DE  C$_sms_manager.c$210$1$153         _sms_manager
     000009DE  G$devkit_SMS_setLineInterruptHan   _sms_manager
     000009DE  _devkit_SMS_setLineInterruptHand   _sms_manager
ASxxxx Linker V03.00 + NoICE + sdld,  page 17.
Hexadecimal  [32-Bits]

Area                                    Addr        Size        Decimal Bytes (Attributes)
--------------------------------        ----        ----        ------- ----- ------------
_CODE                               00000200    00004B7F =       19327. bytes (REL,CON)

      Value  Global                              Global Defined In Module
      -----  --------------------------------   ------------------------
     000009DF  A$_sms_manager$1256                _sms_manager
     000009E0  A$_sms_manager$1257                _sms_manager
     000009E1  A$_sms_manager$1258                _sms_manager
     000009E2  A$_sms_manager$1259                _sms_manager
     000009E3  A$_sms_manager$1260                _sms_manager
     000009E6  A$_sms_manager$1261                _sms_manager
     000009E7  A$_sms_manager$1266                _sms_manager
     000009E7  C$_sms_manager.c$211$1$153         _sms_manager
     000009E7  XG$devkit_SMS_setLineInterruptHa   _sms_manager
     000009E8  A$_sms_manager$1279                _sms_manager
     000009E8  C$_sms_manager.c$212$1$153         _sms_manager
     000009E8  C$_sms_manager.c$214$1$155         _sms_manager
     000009E8  G$devkit_SMS_setLineCounter$0$0    _sms_manager
     000009E8  _devkit_SMS_setLineCounter         _sms_manager
     000009EB  A$_sms_manager$1280                _sms_manager
     000009EC  A$_sms_manager$1281                _sms_manager
     000009ED  A$_sms_manager$1282                _sms_manager
     000009EE  A$_sms_manager$1283                _sms_manager
     000009EF  A$_sms_manager$1284                _sms_manager
     000009F2  A$_sms_manager$1285                _sms_manager
     000009F3  A$_sms_manager$1290                _sms_manager
     000009F3  C$_sms_manager.c$215$1$155         _sms_manager
     000009F3  XG$devkit_SMS_setLineCounter$0$0   _sms_manager
     000009F4  A$_sms_manager$1303                _sms_manager
     000009F4  C$_sms_manager.c$216$1$155         _sms_manager
     000009F4  C$_sms_manager.c$218$1$156         _sms_manager
     000009F4  G$devkit_SMS_enableLineInterrupt   _sms_manager
     000009F4  _devkit_SMS_enableLineInterrupt    _sms_manager
     000009F7  A$_sms_manager$1308                _sms_manager
     000009F7  C$_sms_manager.c$219$1$156         _sms_manager
     000009F7  XG$devkit_SMS_enableLineInterrup   _sms_manager
     000009FA  A$_sms_manager$1321                _sms_manager
     000009FA  C$_sms_manager.c$220$1$156         _sms_manager
     000009FA  C$_sms_manager.c$222$1$157         _sms_manager
     000009FA  G$devkit_SMS_disableLineInterrup   _sms_manager
     000009FA  _devkit_SMS_disableLineInterrupt   _sms_manager
     000009FD  A$_sms_manager$1326                _sms_manager
     000009FD  C$_sms_manager.c$223$1$157         _sms_manager
     000009FD  XG$devkit_SMS_disableLineInterru   _sms_manager
     00000A00  A$_sms_manager$1339                _sms_manager
     00000A00  C$_sms_manager.c$226$1$157         _sms_manager
     00000A00  C$_sms_manager.c$228$1$158         _sms_manager
     00000A00  G$devkit_VDPFEATURE_HIDEFIRSTCOL   _sms_manager
     00000A00  _devkit_VDPFEATURE_HIDEFIRSTCOL    _sms_manager
     00000A03  A$_sms_manager$1344                _sms_manager
     00000A03  C$_sms_manager.c$229$1$158         _sms_manager
     00000A03  XG$devkit_VDPFEATURE_HIDEFIRSTCO   _sms_manager
     00000A04  A$_sms_manager$1357                _sms_manager
     00000A04  C$_sms_manager.c$230$1$158         _sms_manager
     00000A04  C$_sms_manager.c$232$1$159         _sms_manager
     00000A04  G$devkit_VDPFEATURE_LEFTCOLBLANK   _sms_manager
ASxxxx Linker V03.00 + NoICE + sdld,  page 18.
Hexadecimal  [32-Bits]

Area                                    Addr        Size        Decimal Bytes (Attributes)
--------------------------------        ----        ----        ------- ----- ------------
_CODE                               00000200    00004B7F =       19327. bytes (REL,CON)

      Value  Global                              Global Defined In Module
      -----  --------------------------------   ------------------------
     00000A04  _devkit_VDPFEATURE_LEFTCOLBLANK    _sms_manager
     00000A07  A$_sms_manager$1362                _sms_manager
     00000A07  C$_sms_manager.c$233$1$159         _sms_manager
     00000A07  XG$devkit_VDPFEATURE_LEFTCOLBLAN   _sms_manager
     00000A08  A$_sms_manager$1375                _sms_manager
     00000A08  C$_sms_manager.c$234$1$159         _sms_manager
     00000A08  C$_sms_manager.c$236$1$160         _sms_manager
     00000A08  G$devkit_SPRITEMODE_NORMAL$0$0     _sms_manager
     00000A08  _devkit_SPRITEMODE_NORMAL          _sms_manager
     00000A0A  A$_sms_manager$1380                _sms_manager
     00000A0A  C$_sms_manager.c$237$1$160         _sms_manager
     00000A0A  XG$devkit_SPRITEMODE_NORMAL$0$0    _sms_manager
     00000A0B  F_sms_manager$__str_0$0$0          _sms_manager
     00000A19  F_sms_manager$__str_1$0$0          _sms_manager
     00000A24  F_sms_manager$__str_2$0$0          _sms_manager
     00000A4C  A$_snd_manager$89                  _snd_manager
     00000A4C  C$_snd_manager.c$11$1$34           _snd_manager
     00000A4C  C$_snd_manager.c$9$0$0             _snd_manager
     00000A4C  G$devkit_PSGPlay$0$0               _snd_manager
     00000A4C  _devkit_PSGPlay                    _snd_manager
     00000A4D  A$_snd_manager$90                  _snd_manager
     00000A4E  A$_snd_manager$91                  _snd_manager
     00000A4F  A$_snd_manager$92                  _snd_manager
     00000A50  A$_snd_manager$93                  _snd_manager
     00000A51  A$_snd_manager$94                  _snd_manager
     00000A54  A$_snd_manager$95                  _snd_manager
     00000A55  A$_snd_manager$100                 _snd_manager
     00000A55  C$_snd_manager.c$12$1$34           _snd_manager
     00000A55  XG$devkit_PSGPlay$0$0              _snd_manager
     00000A56  A$_snd_manager$117                 _snd_manager
     00000A56  C$_snd_manager.c$13$1$34           _snd_manager
     00000A56  C$_snd_manager.c$15$1$36           _snd_manager
     00000A56  C$_snd_manager.c$16$1$36           _snd_manager
     00000A56  G$devkit_PSGCancelLoop$0$0         _snd_manager
     00000A56  XG$devkit_PSGCancelLoop$0$0        _snd_manager
     00000A56  _devkit_PSGCancelLoop              _snd_manager
     00000A59  A$_snd_manager$130                 _snd_manager
     00000A59  C$_snd_manager.c$17$1$36           _snd_manager
     00000A59  C$_snd_manager.c$19$1$38           _snd_manager
     00000A59  G$devkit_PSGPlayNoRepeat$0$0       _snd_manager
     00000A59  _devkit_PSGPlayNoRepeat            _snd_manager
     00000A5A  A$_snd_manager$131                 _snd_manager
     00000A5B  A$_snd_manager$132                 _snd_manager
     00000A5C  A$_snd_manager$133                 _snd_manager
     00000A5D  A$_snd_manager$134                 _snd_manager
     00000A5E  A$_snd_manager$135                 _snd_manager
     00000A61  A$_snd_manager$136                 _snd_manager
     00000A62  A$_snd_manager$141                 _snd_manager
     00000A62  C$_snd_manager.c$20$1$38           _snd_manager
     00000A62  XG$devkit_PSGPlayNoRepeat$0$0      _snd_manager
     00000A63  A$_snd_manager$158                 _snd_manager
ASxxxx Linker V03.00 + NoICE + sdld,  page 19.
Hexadecimal  [32-Bits]

Area                                    Addr        Size        Decimal Bytes (Attributes)
--------------------------------        ----        ----        ------- ----- ------------
_CODE                               00000200    00004B7F =       19327. bytes (REL,CON)

      Value  Global                              Global Defined In Module
      -----  --------------------------------   ------------------------
     00000A63  C$_snd_manager.c$21$1$38           _snd_manager
     00000A63  C$_snd_manager.c$23$1$40           _snd_manager
     00000A63  C$_snd_manager.c$24$1$40           _snd_manager
     00000A63  G$devkit_PSGStop$0$0               _snd_manager
     00000A63  XG$devkit_PSGStop$0$0              _snd_manager
     00000A63  _devkit_PSGStop                    _snd_manager
     00000A66  A$_snd_manager$175                 _snd_manager
     00000A66  C$_snd_manager.c$25$1$40           _snd_manager
     00000A66  C$_snd_manager.c$27$1$42           _snd_manager
     00000A66  C$_snd_manager.c$28$1$42           _snd_manager
     00000A66  G$devkit_PSGResume$0$0             _snd_manager
     00000A66  XG$devkit_PSGResume$0$0            _snd_manager
     00000A66  _devkit_PSGResume                  _snd_manager
     00000A69  A$_snd_manager$192                 _snd_manager
     00000A69  C$_snd_manager.c$29$1$42           _snd_manager
     00000A69  C$_snd_manager.c$31$1$44           _snd_manager
     00000A69  C$_snd_manager.c$32$1$44           _snd_manager
     00000A69  G$devkit_PSGGetStatus$0$0          _snd_manager
     00000A69  XG$devkit_PSGGetStatus$0$0         _snd_manager
     00000A69  _devkit_PSGGetStatus               _snd_manager
     00000A6C  A$_snd_manager$205                 _snd_manager
     00000A6C  C$_snd_manager.c$33$1$44           _snd_manager
     00000A6C  C$_snd_manager.c$35$1$46           _snd_manager
     00000A6C  G$devkit_PSGSetMusicVolumeAttenu   _snd_manager
     00000A6C  _devkit_PSGSetMusicVolumeAttenua   _snd_manager
     00000A6F  A$_snd_manager$206                 _snd_manager
     00000A70  A$_snd_manager$207                 _snd_manager
     00000A71  A$_snd_manager$208                 _snd_manager
     00000A72  A$_snd_manager$209                 _snd_manager
     00000A73  A$_snd_manager$210                 _snd_manager
     00000A76  A$_snd_manager$211                 _snd_manager
     00000A77  A$_snd_manager$216                 _snd_manager
     00000A77  C$_snd_manager.c$36$1$46           _snd_manager
     00000A77  XG$devkit_PSGSetMusicVolumeAtten   _snd_manager
     00000A78  A$_snd_manager$229                 _snd_manager
     00000A78  C$_snd_manager.c$38$1$46           _snd_manager
     00000A78  C$_snd_manager.c$40$1$48           _snd_manager
     00000A78  G$devkit_PSGSFXPlay$0$0            _snd_manager
     00000A78  _devkit_PSGSFXPlay                 _snd_manager
     00000A7B  A$_snd_manager$230                 _snd_manager
     00000A7C  A$_snd_manager$231                 _snd_manager
     00000A7D  A$_snd_manager$232                 _snd_manager
     00000A7E  A$_snd_manager$233                 _snd_manager
     00000A7F  A$_snd_manager$234                 _snd_manager
     00000A82  A$_snd_manager$235                 _snd_manager
     00000A83  A$_snd_manager$236                 _snd_manager
     00000A84  A$_snd_manager$237                 _snd_manager
     00000A85  A$_snd_manager$238                 _snd_manager
     00000A86  A$_snd_manager$239                 _snd_manager
     00000A87  A$_snd_manager$240                 _snd_manager
     00000A8A  A$_snd_manager$241                 _snd_manager
ASxxxx Linker V03.00 + NoICE + sdld,  page 20.
Hexadecimal  [32-Bits]

Area                                    Addr        Size        Decimal Bytes (Attributes)
--------------------------------        ----        ----        ------- ----- ------------
_CODE                               00000200    00004B7F =       19327. bytes (REL,CON)

      Value  Global                              Global Defined In Module
      -----  --------------------------------   ------------------------
     00000A8B  A$_snd_manager$242                 _snd_manager
     00000A8C  A$_snd_manager$247                 _snd_manager
     00000A8C  C$_snd_manager.c$41$1$48           _snd_manager
     00000A8C  XG$devkit_PSGSFXPlay$0$0           _snd_manager
     00000A8D  A$_snd_manager$260                 _snd_manager
     00000A8D  C$_snd_manager.c$42$1$48           _snd_manager
     00000A8D  C$_snd_manager.c$44$1$50           _snd_manager
     00000A8D  G$devkit_PSGSFXPlayLoop$0$0        _snd_manager
     00000A8D  _devkit_PSGSFXPlayLoop             _snd_manager
     00000A90  A$_snd_manager$261                 _snd_manager
     00000A91  A$_snd_manager$262                 _snd_manager
     00000A92  A$_snd_manager$263                 _snd_manager
     00000A93  A$_snd_manager$264                 _snd_manager
     00000A94  A$_snd_manager$265                 _snd_manager
     00000A97  A$_snd_manager$266                 _snd_manager
     00000A98  A$_snd_manager$267                 _snd_manager
     00000A99  A$_snd_manager$268                 _snd_manager
     00000A9A  A$_snd_manager$269                 _snd_manager
     00000A9B  A$_snd_manager$270                 _snd_manager
     00000A9C  A$_snd_manager$271                 _snd_manager
     00000A9F  A$_snd_manager$272                 _snd_manager
     00000AA0  A$_snd_manager$273                 _snd_manager
     00000AA1  A$_snd_manager$278                 _snd_manager
     00000AA1  C$_snd_manager.c$45$1$50           _snd_manager
     00000AA1  XG$devkit_PSGSFXPlayLoop$0$0       _snd_manager
     00000AA2  A$_snd_manager$295                 _snd_manager
     00000AA2  C$_snd_manager.c$46$1$50           _snd_manager
     00000AA2  C$_snd_manager.c$48$1$52           _snd_manager
     00000AA2  C$_snd_manager.c$49$1$52           _snd_manager
     00000AA2  G$devkit_PSGSFXCancelLoop$0$0      _snd_manager
     00000AA2  XG$devkit_PSGSFXCancelLoop$0$0     _snd_manager
     00000AA2  _devkit_PSGSFXCancelLoop           _snd_manager
     00000AA5  A$_snd_manager$312                 _snd_manager
     00000AA5  C$_snd_manager.c$50$1$52           _snd_manager
     00000AA5  C$_snd_manager.c$52$1$54           _snd_manager
     00000AA5  C$_snd_manager.c$53$1$54           _snd_manager
     00000AA5  G$devkit_PSGSFXStop$0$0            _snd_manager
     00000AA5  XG$devkit_PSGSFXStop$0$0           _snd_manager
     00000AA5  _devkit_PSGSFXStop                 _snd_manager
     00000AA8  A$_snd_manager$329                 _snd_manager
     00000AA8  C$_snd_manager.c$54$1$54           _snd_manager
     00000AA8  C$_snd_manager.c$56$1$56           _snd_manager
     00000AA8  C$_snd_manager.c$57$1$56           _snd_manager
     00000AA8  G$devkit_PSGSFXGetStatus$0$0       _snd_manager
     00000AA8  XG$devkit_PSGSFXGetStatus$0$0      _snd_manager
     00000AA8  _devkit_PSGSFXGetStatus            _snd_manager
     00000AAB  A$_snd_manager$346                 _snd_manager
     00000AAB  C$_snd_manager.c$59$1$56           _snd_manager
     00000AAB  C$_snd_manager.c$61$1$58           _snd_manager
     00000AAB  C$_snd_manager.c$62$1$58           _snd_manager
     00000AAB  G$devkit_PSGSilenceChannels$0$0    _snd_manager
ASxxxx Linker V03.00 + NoICE + sdld,  page 21.
Hexadecimal  [32-Bits]

Area                                    Addr        Size        Decimal Bytes (Attributes)
--------------------------------        ----        ----        ------- ----- ------------
_CODE                               00000200    00004B7F =       19327. bytes (REL,CON)

      Value  Global                              Global Defined In Module
      -----  --------------------------------   ------------------------
     00000AAB  XG$devkit_PSGSilenceChannels$0$0   _snd_manager
     00000AAB  _devkit_PSGSilenceChannels         _snd_manager
     00000AAE  A$_snd_manager$363                 _snd_manager
     00000AAE  C$_snd_manager.c$63$1$58           _snd_manager
     00000AAE  C$_snd_manager.c$65$1$60           _snd_manager
     00000AAE  C$_snd_manager.c$66$1$60           _snd_manager
     00000AAE  G$devkit_PSGRestoreVolumes$0$0     _snd_manager
     00000AAE  XG$devkit_PSGRestoreVolumes$0$0    _snd_manager
     00000AAE  _devkit_PSGRestoreVolumes          _snd_manager
     00000AB1  A$_snd_manager$380                 _snd_manager
     00000AB1  C$_snd_manager.c$68$1$60           _snd_manager
     00000AB1  C$_snd_manager.c$70$1$62           _snd_manager
     00000AB1  C$_snd_manager.c$71$1$62           _snd_manager
     00000AB1  G$devkit_PSGFrame$0$0              _snd_manager
     00000AB1  XG$devkit_PSGFrame$0$0             _snd_manager
     00000AB1  _devkit_PSGFrame                   _snd_manager
     00000AB4  A$_snd_manager$397                 _snd_manager
     00000AB4  C$_snd_manager.c$72$1$62           _snd_manager
     00000AB4  C$_snd_manager.c$74$1$64           _snd_manager
     00000AB4  C$_snd_manager.c$75$1$64           _snd_manager
     00000AB4  G$devkit_PSGSFXFrame$0$0           _snd_manager
     00000AB4  XG$devkit_PSGSFXFrame$0$0          _snd_manager
     00000AB4  _devkit_PSGSFXFrame                _snd_manager
     00000AB7  A$_snd_manager$410                 _snd_manager
     00000AB7  C$_snd_manager.c$78$1$64           _snd_manager
     00000AB7  C$_snd_manager.c$80$1$65           _snd_manager
     00000AB7  G$devkit_SFX_CHANNEL2$0$0          _snd_manager
     00000AB7  _devkit_SFX_CHANNEL2               _snd_manager
     00000AB9  A$_snd_manager$415                 _snd_manager
     00000AB9  C$_snd_manager.c$81$1$65           _snd_manager
     00000AB9  XG$devkit_SFX_CHANNEL2$0$0         _snd_manager
     00000ABA  A$_snd_manager$428                 _snd_manager
     00000ABA  C$_snd_manager.c$82$1$65           _snd_manager
     00000ABA  C$_snd_manager.c$84$1$66           _snd_manager
     00000ABA  G$devkit_SFX_CHANNEL3$0$0          _snd_manager
     00000ABA  _devkit_SFX_CHANNEL3               _snd_manager
     00000ABC  A$_snd_manager$433                 _snd_manager
     00000ABC  C$_snd_manager.c$85$1$66           _snd_manager
     00000ABC  XG$devkit_SFX_CHANNEL3$0$0         _snd_manager
     00000ABD  A$_snd_manager$446                 _snd_manager
     00000ABD  C$_snd_manager.c$86$1$66           _snd_manager
     00000ABD  C$_snd_manager.c$88$1$67           _snd_manager
     00000ABD  G$devkit_SFX_CHANNELS2AND3$0$0     _snd_manager
     00000ABD  _devkit_SFX_CHANNELS2AND3          _snd_manager
     00000ABF  A$_snd_manager$451                 _snd_manager
     00000ABF  C$_snd_manager.c$89$1$67           _snd_manager
     00000ABF  XG$devkit_SFX_CHANNELS2AND3$0$0    _snd_manager
     00000AC0  A$enemy$65                         enemy
     00000AC0  C$enemy.c$9$0$0                    enemy
     00000AC0  G$checkEnemyPlayerShoot$0$0        enemy
     00000AC0  _checkEnemyPlayerShoot             enemy
ASxxxx Linker V03.00 + NoICE + sdld,  page 22.
Hexadecimal  [32-Bits]

Area                                    Addr        Size        Decimal Bytes (Attributes)
--------------------------------        ----        ----        ------- ----- ------------
_CODE                               00000200    00004B7F =       19327. bytes (REL,CON)

      Value  Global                              Global Defined In Module
      -----  --------------------------------   ------------------------
     00000AC2  A$enemy$66                         enemy
     00000AC6  A$enemy$67                         enemy
     00000AC8  A$enemy$68                         enemy
     00000AC9  A$enemy$69                         enemy
     00000ACA  A$enemy$73                         enemy
     00000ACA  C$enemy.c$11$1$62                  enemy
     00000ACD  A$enemy$74                         enemy
     00000AD0  A$enemy$75                         enemy
     00000AD3  A$enemy$76                         enemy
     00000AD6  A$enemy$77                         enemy
     00000AD7  A$enemy$78                         enemy
     00000AD8  A$enemy$79                         enemy
     00000AD9  A$enemy$80                         enemy
     00000ADA  A$enemy$81                         enemy
     00000ADD  A$enemy$82                         enemy
     00000AE0  A$enemy$83                         enemy
     00000AE3  A$enemy$84                         enemy
     00000AE6  A$enemy$85                         enemy
     00000AE7  A$enemy$86                         enemy
     00000AE8  A$enemy$87                         enemy
     00000AE9  A$enemy$88                         enemy
     00000AEA  A$enemy$89                         enemy
     00000AEB  A$enemy$90                         enemy
     00000AEC  A$enemy$91                         enemy
     00000AEE  A$enemy$92                         enemy
     00000AF1  A$enemy$93                         enemy
     00000AF2  A$enemy$94                         enemy
     00000AF4  A$enemy$95                         enemy
     00000AF5  A$enemy$96                         enemy
     00000AF6  A$enemy$97                         enemy
     00000AF7  A$enemy$98                         enemy
     00000AF8  A$enemy$99                         enemy
     00000AFB  A$enemy$100                        enemy
     00000AFD  A$enemy$102                        enemy
     00000B00  A$enemy$106                        enemy
     00000B00  C$enemy.c$12$1$62                  enemy
     00000B01  A$enemy$107                        enemy
     00000B02  A$enemy$108                        enemy
     00000B03  A$enemy$109                        enemy
     00000B06  A$enemy$110                        enemy
     00000B07  A$enemy$111                        enemy
     00000B08  A$enemy$112                        enemy
     00000B09  A$enemy$113                        enemy
     00000B0B  A$enemy$114                        enemy
     00000B0C  A$enemy$115                        enemy
     00000B0D  A$enemy$116                        enemy
     00000B0E  A$enemy$117                        enemy
     00000B0F  A$enemy$118                        enemy
     00000B10  A$enemy$119                        enemy
     00000B13  A$enemy$120                        enemy
     00000B15  A$enemy$122                        enemy
ASxxxx Linker V03.00 + NoICE + sdld,  page 23.
Hexadecimal  [32-Bits]

Area                                    Addr        Size        Decimal Bytes (Attributes)
--------------------------------        ----        ----        ------- ----- ------------
_CODE                               00000200    00004B7F =       19327. bytes (REL,CON)

      Value  Global                              Global Defined In Module
      -----  --------------------------------   ------------------------
     00000B18  A$enemy$126                        enemy
     00000B18  C$enemy.c$13$1$62                  enemy
     00000B19  A$enemy$127                        enemy
     00000B1A  A$enemy$128                        enemy
     00000B1B  A$enemy$129                        enemy
     00000B1E  A$enemy$130                        enemy
     00000B21  A$enemy$131                        enemy
     00000B22  A$enemy$132                        enemy
     00000B24  A$enemy$133                        enemy
     00000B27  A$enemy$134                        enemy
     00000B28  A$enemy$135                        enemy
     00000B2A  A$enemy$136                        enemy
     00000B2B  A$enemy$137                        enemy
     00000B2C  A$enemy$138                        enemy
     00000B2D  A$enemy$139                        enemy
     00000B2E  A$enemy$140                        enemy
     00000B31  A$enemy$141                        enemy
     00000B33  A$enemy$143                        enemy
     00000B36  A$enemy$147                        enemy
     00000B36  C$enemy.c$14$1$62                  enemy
     00000B37  A$enemy$148                        enemy
     00000B38  A$enemy$149                        enemy
     00000B39  A$enemy$150                        enemy
[...]
     0000A2E7  G$stage6scriptb$0$0                fixedbank
     0000A2E7  _stage6scriptb                     fixedbank
     0000A2F1  G$updatestage6endbossfunctions$0   fixedbank
     0000A2F1  _updatestage6endbossfunctions      fixedbank
     0000A2FF  G$updatestage5endbossfunctions$0   fixedbank
ASxxxx Linker V03.00 + NoICE + sdld,  page 275.
Hexadecimal  [32-Bits]

Area                                    Addr        Size        Decimal Bytes (Attributes)
--------------------------------        ----        ----        ------- ----- ------------
_BANK15                             00008000    000038A5 =       14501. bytes (REL,CON)

      Value  Global                              Global Defined In Module
      -----  --------------------------------   ------------------------
     0000A2FF  _updatestage5endbossfunctions      fixedbank
     0000A309  G$updatestage3endbossfunctions$0   fixedbank
     0000A309  _updatestage3endbossfunctions      fixedbank
     0000A313  G$updatestage4middlebossfunction   fixedbank
     0000A313  _updatestage4middlebossfunctions   fixedbank
     0000A31D  G$updatestage4endbossfunctions$0   fixedbank
     0000A31D  _updatestage4endbossfunctions      fixedbank
     0000A32D  G$vulcantankshootspeedx$0$0        fixedbank
     0000A32D  _vulcantankshootspeedx             fixedbank
     0000A330  G$vulcantankshootspeedy$0$0        fixedbank
     0000A330  _vulcantankshootspeedy             fixedbank
     0000A333  G$vulcanstationshootspeedx$0$0     fixedbank
     0000A333  _vulcanstationshootspeedx          fixedbank
     0000A336  G$vulcanstationshootspeedy$0$0     fixedbank
     0000A336  _vulcanstationshootspeedy          fixedbank
     0000A339  G$stage8bosscshootspeedx$0$0       fixedbank
     0000A339  _stage8bosscshootspeedx            fixedbank
     0000A349  G$stage8bosscshootspeedy$0$0       fixedbank
     0000A349  _stage8bosscshootspeedy            fixedbank
     0000A358  G$stage8bossbshootspeedx$0$0       fixedbank
     0000A358  _stage8bossbshootspeedx            fixedbank
     0000A368  G$stage8bossbshootspeedy$0$0       fixedbank
     0000A368  _stage8bossbshootspeedy            fixedbank
     0000A378  G$updatestage7middlebossfunction   fixedbank
     0000A378  _updatestage7middlebossfunctions   fixedbank
     0000A37E  G$updatespacestationfunctions$0$   fixedbank
     0000A37E  _updatespacestationfunctions       fixedbank
     0000A384  G$updatestage2endbossfunctions$0   fixedbank
     0000A384  _updatestage2endbossfunctions      fixedbank
     0000A38C  G$checkcollisionfunctions$0$0      fixedbank
     0000A38C  _checkcollisionfunctions           fixedbank
     0000A394  G$updateintro3objectfunctions$0$   fixedbank
     0000A394  _updateintro3objectfunctions       fixedbank
     0000A39A  G$stage8spriteslist$0$0            fixedbank
     0000A39A  _stage8spriteslist                 fixedbank
     0000A3A1  G$stage8_statics$0$0               fixedbank
     0000A3A1  _stage8_statics                    fixedbank
     0000A9DB  G$stage8_scrollers$0$0             fixedbank
     0000A9DB  _stage8_scrollers                  fixedbank
     0000A9E5  G$updatestage8bossbfunctions$0$0   fixedbank
     0000A9E5  _updatestage8bossbfunctions        fixedbank
     0000A9ED  G$stage8animpalette$0$0            fixedbank
     0000A9ED  _stage8animpalette                 fixedbank
     0000A9FB  G$enemieswidth$0$0                 fixedbank
     0000A9FB  _enemieswidth                      fixedbank
     0000AA51  G$enemiesheight$0$0                fixedbank
     0000AA51  _enemiesheight                     fixedbank
     0000AAA7  G$enemiesenergy$0$0                fixedbank
     0000AAA7  _enemiesenergy                     fixedbank
     0000AAFD  G$intro1_psg$0$0                   fixedbank
     0000AAFD  _intro1_psg                        fixedbank
ASxxxx Linker V03.00 + NoICE + sdld,  page 276.
Hexadecimal  [32-Bits]

Area                                    Addr        Size        Decimal Bytes (Attributes)
--------------------------------        ----        ----        ------- ----- ------------
_BANK15                             00008000    000038A5 =       14501. bytes (REL,CON)

      Value  Global                              Global Defined In Module
      -----  --------------------------------   ------------------------
     0000B43E  Ffixedbank$__str_0$0$0             fixedbank
     0000B44C  Ffixedbank$__str_1$0$0             fixedbank
     0000B45A  Ffixedbank$__str_2$0$0             fixedbank
     0000B468  Ffixedbank$__str_3$0$0             fixedbank
     0000B476  Ffixedbank$__str_4$0$0             fixedbank
     0000B484  Ffixedbank$__str_5$0$0             fixedbank
     0000B492  Ffixedbank$__str_6$0$0             fixedbank
     0000B4A0  Ffixedbank$__str_7$0$0             fixedbank
     0000B4AE  Ffixedbank$__str_8$0$0             fixedbank
     0000B4BC  Ffixedbank$__str_9$0$0             fixedbank
     0000B4CA  Ffixedbank$__str_10$0$0            fixedbank
     0000B4D8  Ffixedbank$__str_11$0$0            fixedbank
     0000B4E6  Ffixedbank$__str_12$0$0            fixedbank
     0000B4F4  Ffixedbank$__str_13$0$0            fixedbank
     0000B502  Ffixedbank$__str_14$0$0            fixedbank
     0000B510  Ffixedbank$__str_15$0$0            fixedbank
     0000B51E  Ffixedbank$__str_16$0$0            fixedbank
     0000B52C  Ffixedbank$__str_17$0$0            fixedbank
     0000B53A  Ffixedbank$__str_18$0$0            fixedbank
     0000B548  Ffixedbank$__str_19$0$0            fixedbank
     0000B556  Ffixedbank$__str_20$0$0            fixedbank
     0000B564  Ffixedbank$__str_21$0$0            fixedbank
     0000B56D  Ffixedbank$__str_22$0$0            fixedbank
     0000B576  Ffixedbank$__str_23$0$0            fixedbank
     0000B57F  Ffixedbank$__str_24$0$0            fixedbank
     0000B587  Ffixedbank$__str_25$0$0            fixedbank
     0000B590  Ffixedbank$__str_26$0$0            fixedbank
     0000B59D  Ffixedbank$__str_27$0$0            fixedbank
     0000B5B1  Ffixedbank$__str_28$0$0            fixedbank
     0000B5C8  Ffixedbank$__str_29$0$0            fixedbank
     0000B5D9  Ffixedbank$__str_30$0$0            fixedbank
     0000B5EE  Ffixedbank$__str_31$0$0            fixedbank
     0000B604  Ffixedbank$__str_32$0$0            fixedbank
     0000B619  Ffixedbank$__str_33$0$0            fixedbank
     0000B633  Ffixedbank$__str_34$0$0            fixedbank
     0000B649  Ffixedbank$__str_35$0$0            fixedbank
     0000B65C  Ffixedbank$__str_36$0$0            fixedbank
     0000B66C  Ffixedbank$__str_37$0$0            fixedbank
     0000B67F  Ffixedbank$__str_38$0$0            fixedbank
     0000B693  Ffixedbank$__str_39$0$0            fixedbank
     0000B6AD  Ffixedbank$__str_40$0$0            fixedbank
     0000B6C3  Ffixedbank$__str_41$0$0            fixedbank
     0000B6E1  Ffixedbank$__str_42$0$0            fixedbank
     0000B6EB  Ffixedbank$__str_43$0$0            fixedbank
     0000B6F5  Ffixedbank$__str_44$0$0            fixedbank
     0000B707  Ffixedbank$__str_45$0$0            fixedbank
     0000B714  Ffixedbank$__str_46$0$0            fixedbank
     0000B72A  Ffixedbank$__str_47$0$0            fixedbank
     0000B73E  Ffixedbank$__str_48$0$0            fixedbank
     0000B758  Ffixedbank$__str_49$0$0            fixedbank
     0000B76F  Ffixedbank$__str_50$0$0            fixedbank
ASxxxx Linker V03.00 + NoICE + sdld,  page 277.
Hexadecimal  [32-Bits]

Area                                    Addr        Size        Decimal Bytes (Attributes)
--------------------------------        ----        ----        ------- ----- ------------
_BANK15                             00008000    000038A5 =       14501. bytes (REL,CON)

      Value  Global                              Global Defined In Module
      -----  --------------------------------   ------------------------
     0000B78D  Ffixedbank$__str_51$0$0            fixedbank
     0000B7A5  Ffixedbank$__str_52$0$0            fixedbank
     0000B7C0  Ffixedbank$__str_53$0$0            fixedbank
     0000B7D5  Ffixedbank$__str_54$0$0            fixedbank
     0000B7DD  Ffixedbank$__str_55$0$0            fixedbank
     0000B7F5  Ffixedbank$__str_56$0$0            fixedbank
     0000B80F  Ffixedbank$__str_57$0$0            fixedbank
     0000B82C  Ffixedbank$__str_58$0$0            fixedbank
     0000B842  Ffixedbank$__str_59$0$0            fixedbank
     0000B856  Ffixedbank$__str_60$0$0            fixedbank
     0000B873  Ffixedbank$__str_61$0$0            fixedbank
     0000B888  Ffixedbank$__str_62$0$0            fixedbank
     0000B89B  Ffixedbank$__str_63$0$0            fixedbank
     0000B8A0  Ffixedbank$__str_64$0$0            fixedbank

ASxxxx Linker V03.00 + NoICE + sdld,  page 278.
Hexadecimal  [32-Bits]

Area                                    Addr        Size        Decimal Bytes (Attributes)
--------------------------------        ----        ----        ------- ----- ------------
_CABS0                              00000000    00000010 =          16. bytes (ABS,CON)

      Value  Global                              Global Defined In Module
      -----  --------------------------------   ------------------------
     00007FF0  G$__SMS__SEGA_signature$0$0        _sms_manager
     00007FF0  ___SMS__SEGA_signature             _sms_manager

ASxxxx Linker V03.00 + NoICE + sdld,  page 279.
Hexadecimal  [32-Bits]

Area                                    Addr        Size        Decimal Bytes (Attributes)
--------------------------------        ----        ----        ------- ----- ------------
_CABS1                              00000000    0000000E =          14. bytes (ABS,CON)

      Value  Global                              Global Defined In Module
      -----  --------------------------------   ------------------------
     00007FD2  G$__SMS__SDSC_author$0$0           _sms_manager
     00007FD2  ___SMS__SDSC_author                _sms_manager

ASxxxx Linker V03.00 + NoICE + sdld,  page 280.
Hexadecimal  [32-Bits]

Area                                    Addr        Size        Decimal Bytes (Attributes)
--------------------------------        ----        ----        ------- ----- ------------
_CABS2                              00000000    0000000B =          11. bytes (ABS,CON)

      Value  Global                              Global Defined In Module
      -----  --------------------------------   ------------------------
     00007FC7  G$__SMS__SDSC_name$0$0             _sms_manager
     00007FC7  ___SMS__SDSC_name                  _sms_manager

ASxxxx Linker V03.00 + NoICE + sdld,  page 281.
Hexadecimal  [32-Bits]

Area                                    Addr        Size        Decimal Bytes (Attributes)
--------------------------------        ----        ----        ------- ----- ------------
_CABS3                              00000000    00000028 =          40. bytes (ABS,CON)

      Value  Global                              Global Defined In Module
      -----  --------------------------------   ------------------------
     00007F9F  G$__SMS__SDSC_descr$0$0            _sms_manager
     00007F9F  ___SMS__SDSC_descr                 _sms_manager

ASxxxx Linker V03.00 + NoICE + sdld,  page 282.
Hexadecimal  [32-Bits]

Area                                    Addr        Size        Decimal Bytes (Attributes)
--------------------------------        ----        ----        ------- ----- ------------
_CABS4                              00000000    00000010 =          16. bytes (ABS,CON)

      Value  Global                              Global Defined In Module
      -----  --------------------------------   ------------------------
     00007FE0  G$__SMS__SDSC_signature$0$0        _sms_manager
     00007FE0  ___SMS__SDSC_signature             _sms_manager

ASxxxx Linker V03.00 + NoICE + sdld,  page 283.

Files Linked                              [ module(s) ]

../crt0/crt0_sms.rel                      [ crt0 ]
main.rel                                  [ main ]
../lib/PSGlib.rel                         [ PSGlib ]
banks/bank2.rel                           [ bank2 ]
banks/bank3.rel                           [ bank3 ]
banks/bank4.rel                           [ bank4 ]
banks/bank5.rel                           [ bank5 ]
banks/bank6.rel                           [ bank6 ]
banks/bank7.rel                           [ bank7 ]
banks/bank8.rel                           [ bank8 ]
banks/bank9.rel                           [ bank9 ]
banks/bank10.rel                          [ bank10 ]
banks/bank11.rel                          [ bank11 ]
banks/bank12.rel                          [ bank12 ]
banks/bank13.rel                          [ bank13 ]
banks/bank14.rel                          [ bank14 ]
banks/fixedbank.rel                       [ fixedbank ]
devkit/_sms_manager.rel                   [ _sms_manager ]
devkit/_snd_manager.rel                   [ _snd_manager ]
Enemies/enemy.rel                         [ enemy ]
Enemies/enemyshoot.rel                    [ enemyshoot ]
Fortresses/fortresscannon.rel             [ fortresscannon ]
Fortresses/fortressdoor.rel               [ fortressdoor ]
Fortresses/fortressphantom.rel            [ fortressphantom ]
Fortresses/fortresssearcher.rel           [ fortresssearcher ]
Fortresses/fortresswave.rel               [ fortresswave ]
General/barrom.rel                        [ barrom ]
General/bombship.rel                      [ bombship ]
General/explosion.rel                     [ explosion ]
General/finishstage.rel                   [ finishstage ]
General/gameoverstage.rel                 [ gameoverstage ]
General/jukeboxstage.rel                  [ jukeboxstage ]
General/logostage.rel                     [ logostage ]
General/map.rel                           [ map ]
General/mikgamesstage.rel                 [ mikgamesstage ]
General/powerup.rel                       [ powerup ]
General/rectship.rel                      [ rectship ]
General/rsgthing.rel                      [ rsgthing ]
General/scripter.rel                      [ scripter ]
General/scroller.rel                      [ scroller ]
General/selectorstage.rel                 [ selectorstage ]
General/skullbone.rel                     [ skullbone ]
General/spreadship.rel                    [ spreadship ]
General/timeredlabel.rel                  [ timeredlabel ]
General/turnship.rel                      [ turnship ]
General/warning.rel                       [ warning ]
General/waveship.rel                      [ waveship ]
Intros/intro1stage.rel                    [ intro1stage ]
Intros/intro2stage.rel                    [ intro2stage ]
Intros/intro3object.rel                   [ intro3object ]
Intros/intro3stage.rel                    [ intro3stage ]
Intros/intro4stage.rel                    [ intro4stage ]
Intros/introovni.rel                      [ introovni ]
Intros/introsideplayer.rel                [ introsideplayer ]
Intros/introstage.rel                     [ introstage ]
Intros/introstar.rel                      [ introstar ]
Monsters/monsterblob.rel                  [ monsterblob ]
Monsters/monsterhead.rel                  [ monsterhead ]
Monsters/monstermissil.rel                [ monstermissil ]
Players/player.rel                        [ player ]
Players/playershoot.rel                   [ playershoot ]
Players/playstage.rel                     [ playstage ]
Spaces/spaceasteroid.rel                  [ spaceasteroid ]
Spaces/spaceshooter.rel                   [ spaceshooter ]
Spaces/spacestation.rel                   [ spacestation ]
Stages/stage1.rel                         [ stage1 ]
Stages/stage1endboss.rel                  [ stage1endboss ]
Stages/stage1middleboss.rel               [ stage1middleboss ]
Stages/stage1middlebossb.rel              [ stage1middlebossb ]
Stages/stage1middlebossc.rel              [ stage1middlebossc ]
Stages/stage2.rel                         [ stage2 ]
Stages/stage2endboss.rel                  [ stage2endboss ]
Stages/stage2object.rel                   [ stage2object ]
Stages/stage3.rel                         [ stage3 ]
Stages/stage3endboss.rel                  [ stage3endboss ]
Stages/stage3laser.rel                    [ stage3laser ]
Stages/stage3star.rel                     [ stage3star ]
Stages/stage4.rel                         [ stage4 ]
Stages/stage4endboss.rel                  [ stage4endboss ]
Stages/stage4endbossb.rel                 [ stage4endbossb ]
Stages/stage4middleboss.rel               [ stage4middleboss ]
Stages/stage4object.rel                   [ stage4object ]
Stages/stage5.rel                         [ stage5 ]
Stages/stage5endboss.rel                  [ stage5endboss ]
Stages/stage5missile.rel                  [ stage5missile ]
Stages/stage6.rel                         [ stage6 ]
Stages/stage6endboss.rel                  [ stage6endboss ]
Stages/stage6endbossb.rel                 [ stage6endbossb ]
Stages/stage6object.rel                   [ stage6object ]
Stages/stage7.rel                         [ stage7 ]
Stages/stage7endboss.rel                  [ stage7endboss ]
Stages/stage7middleboss.rel               [ stage7middleboss ]
Stages/stage7object.rel                   [ stage7object ]
Stages/stage8.rel                         [ stage8 ]
Stages/stage8bossa.rel                    [ stage8bossa ]
Stages/stage8bossb.rel                    [ stage8bossb ]
Stages/stage8bossc.rel                    [ stage8bossc ]
Stages/stage8lateral.rel                  [ stage8lateral ]
Vulcans/vulcanbird.rel                    [ vulcanbird ]
Vulcans/vulcanlaser.rel                   [ vulcanlaser ]
Vulcans/vulcanlava.rel                    [ vulcanlava ]
Vulcans/vulcanstation.rel                 [ vulcanstation ]
Vulcans/vulcantank.rel                    [ vulcantank ]
Vulcans/vulcanvulcan.rel                  [ vulcanvulcan ]
Wars/ww2plane.rel                         [ ww2plane ]
Wars/ww2planeb.rel                        [ ww2planeb ]
Wars/ww2ship.rel                          [ ww2ship ]
Wars/ww2zeppelin.rel                      [ ww2zeppelin ]
defines.rel                               [ defines ]
funcs.rel                                 [ funcs ]
vars.rel                                  [ vars ]


Libraries Linked                          [ object file ]

C:\Program Files\SDCC\bin\..\lib\z80/z80.lib
                                          [ divunsigned.rel ]
../lib/SMSlib.lib                         [ SMSlib_UNSAFE.rel ]
../lib/SMSlib.lib                         [ SMSlib.rel ]
../lib/SMSlib.lib                         [ SMSlib_VRAMmemset.rel ]
../lib/SMSlib.lib                         [ SMSlib_sprite.rel ]
C:\Program Files\SDCC\bin\..\lib\z80/z80.lib
                                          [ modunsigned.rel ]
C:\Program Files\SDCC\bin\..\lib\z80/z80.lib
                                          [ abs.rel ]
C:\Program Files\SDCC\bin\..\lib\z80/z80.lib
                                          [ mul.rel ]
../lib/SMSlib.lib                         [ SMSlib_VRAMmemcpy.rel ]
../lib/SMSlib.lib                         [ SMSlib_STMcomp.rel ]
C:\Program Files\SDCC\bin\..\lib\z80/z80.lib
                                          [ __sdcc_call_hl.rel ]
../lib/SMSlib.lib                         [ SMSlib_PSGaiden.rel ]
C:\Program Files\SDCC\bin\..\lib\z80/z80.lib
                                          [ strlen.rel ]
C:\Program Files\SDCC\bin\..\lib\z80/z80.lib
                                          [ _mullong.rel ]
C:\Program Files\SDCC\bin\..\lib\z80/z80.lib
                                          [ modsigned.rel ]
C:\Program Files\SDCC\bin\..\lib\z80/z80.lib
                                          [ divsigned.rel ]

ASxxxx Linker V03.00 + NoICE + sdld,  page 284.

User Base Address Definitions

_CODE = 0x0200
_DATA = 0xc000
_BANK2=0x8000
_BANK3=0x8000
_BANK4=0x8000
_BANK5=0x8000
_BANK6=0x8000
_BANK7=0x8000
_BANK8=0x8000
_BANK9=0x8000
_BANK10=0x8000
_BANK11=0x8000
_BANK12=0x8000
_BANK13=0x8000
_BANK14=0x8000
_BANK15=0x8000

